<?php return array (
  0 => 'Symfony\\Bundle\\FrameworkBundle\\Controller\\AbstractController',
  1 => 'App\\Controller\\AdminController',
  2 => 'App\\Controller\\DefaultController',
  3 => 'App\\Controller\\RegistrationController',
  4 => 'App\\Controller\\SecurityController',
  5 => 'App\\Entity\\Accessoire',
  6 => 'App\\Entity\\ChangementVolee',
  7 => 'App\\Entity\\Config',
  8 => 'App\\Entity\\DoctrineMigrationVersions',
  9 => 'App\\Entity\\Echelle',
  10 => 'App\\Entity\\EchelleAccessoire',
  11 => 'App\\Entity\\EchelleFixation',
  12 => 'App\\Entity\\Element',
  13 => 'App\\Entity\\EntityPDF',
  14 => 'App\\Entity\\Entree',
  15 => 'App\\Entity\\Fixation',
  16 => 'App\\Entity\\Hauteur',
  17 => 'App\\Entity\\Image',
  18 => 'App\\Entity\\Norme',
  19 => 'App\\Entity\\Palier',
  20 => 'App\\Entity\\Product',
  21 => 'App\\Entity\\Role',
  22 => 'App\\Entity\\Sortie',
  23 => 'App\\Entity\\TypeEchelle',
  24 => 'App\\Entity\\TypeUser',
  25 => 'App\\Entity\\User',
  26 => 'Doctrine\\Bundle\\DoctrineBundle\\Controller\\ProfilerController',
  27 => 'Doctrine\\ORM\\Cache\\Persister\\Entity\\AbstractEntityPersister',
  28 => 'Doctrine\\ORM\\Cache\\Persister\\Entity\\CachedEntityPersister',
  29 => 'Doctrine\\ORM\\Cache\\Persister\\Entity\\NonStrictReadWriteCachedEntityPersister',
  30 => 'Doctrine\\ORM\\Cache\\Persister\\Entity\\ReadOnlyCachedEntityPersister',
  31 => 'Doctrine\\ORM\\Cache\\Persister\\Entity\\ReadWriteCachedEntityPersister',
  32 => 'Doctrine\\ORM\\Persisters\\Entity\\AbstractEntityInheritancePersister',
  33 => 'Doctrine\\ORM\\Persisters\\Entity\\BasicEntityPersister',
  34 => 'Doctrine\\ORM\\Persisters\\Entity\\CachedPersisterContext',
  35 => 'Doctrine\\ORM\\Persisters\\Entity\\EntityPersister',
  36 => 'Doctrine\\ORM\\Persisters\\Entity\\JoinedSubclassPersister',
  37 => 'Doctrine\\ORM\\Persisters\\Entity\\SingleTablePersister',
  39 => 'Symfony\\Bundle\\FrameworkBundle\\Controller\\ControllerResolver',
  40 => 'Symfony\\Bundle\\FrameworkBundle\\Controller\\RedirectController',
  41 => 'Symfony\\Bundle\\FrameworkBundle\\Controller\\TemplateController',
  42 => 'Symfony\\Bundle\\WebProfilerBundle\\Controller\\ExceptionPanelController',
  43 => 'Symfony\\Bundle\\WebProfilerBundle\\Controller\\ProfilerController',
  44 => 'Symfony\\Bundle\\WebProfilerBundle\\Controller\\RouterController',
  45 => 'Symfony\\Component\\HttpKernel\\Controller\\ArgumentResolver',
  46 => 'Symfony\\Component\\HttpKernel\\Controller\\ArgumentResolverInterface',
  47 => 'Symfony\\Component\\HttpKernel\\Controller\\ArgumentResolver\\DefaultValueResolver',
  48 => 'Symfony\\Component\\HttpKernel\\Controller\\ArgumentResolver\\NotTaggedControllerValueResolver',
  49 => 'Symfony\\Component\\HttpKernel\\Controller\\ArgumentResolver\\RequestAttributeValueResolver',
  50 => 'Symfony\\Component\\HttpKernel\\Controller\\ArgumentResolver\\RequestValueResolver',
  51 => 'Symfony\\Component\\HttpKernel\\Controller\\ArgumentResolver\\ServiceValueResolver',
  52 => 'Symfony\\Component\\HttpKernel\\Controller\\ArgumentResolver\\SessionValueResolver',
  53 => 'Symfony\\Component\\HttpKernel\\Controller\\ArgumentResolver\\TraceableValueResolver',
  54 => 'Symfony\\Component\\HttpKernel\\Controller\\ArgumentResolver\\VariadicValueResolver',
  55 => 'Symfony\\Component\\HttpKernel\\Controller\\ArgumentValueResolverInterface',
  56 => 'Symfony\\Component\\HttpKernel\\Controller\\ContainerControllerResolver',
  57 => 'Symfony\\Component\\HttpKernel\\Controller\\ControllerReference',
  58 => 'Symfony\\Component\\HttpKernel\\Controller\\ControllerResolver',
  59 => 'Symfony\\Component\\HttpKernel\\Controller\\ControllerResolverInterface',
  60 => 'Symfony\\Component\\HttpKernel\\Controller\\ErrorController',
  61 => 'Symfony\\Component\\HttpKernel\\Controller\\TraceableArgumentResolver',
  62 => 'Symfony\\Component\\HttpKernel\\Controller\\TraceableControllerResolver',
  63 => 'Symfony\\Component\\Security\\Http\\Controller\\UserValueResolver',
);